
> angular@0.0.0 start
> ng serve --host 0.0.0.0  --no-hmr --disable-host-check --port 3000

Warning: Running a server with --disable-host-check is a security risk. See https://medium.com/webpack/webpack-dev-server-middleware-security-issues-1489d950874a for more information.
The "disableHostCheck" option will not be used because it is not supported by the "@angular-devkit/build-angular:application" builder.
❯ Building...
✔ Building...
Browser bundles     
Initial chunk files  | Names            |  Raw size
polyfills.js         | polyfills        |  90.20 kB | 
main.js              | main             |  21.43 kB | 
styles.css           | styles           |  95 bytes | 

                     | Initial total    | 111.72 kB


Server bundles      
Initial chunk files  | Names            |  Raw size
polyfills.server.mjs | polyfills.server | 572.91 kB | 
chunk-JK724DIF.mjs   | -                |  21.78 kB | 
server.mjs           | server           |   1.39 kB | 
main.server.mjs      | main.server      | 800 bytes | 

Application bundle generation complete. [2.356 seconds]

Watch mode enabled. Watching for file changes...
NOTE: Raw file sizes do not reflect development server per-request transformations.
  ➜  Local:   http://localhost:3000/
  ➜  Network: http://172.17.0.2:3000/
❯ Changes detected. Rebuilding...
✔ Changes detected. Rebuilding...
Browser bundles    
Initial chunk files | Names             |  Raw size
main.js             | main              |  21.68 kB | 
chunk-YQOESBWP.js   | -                 | 754 bytes | 

Lazy chunk files    | Names             |  Raw size
chunk-XMK6IAZD.js   | sign-in-component |   7.51 kB | 


Server bundles     
Initial chunk files | Names             |  Raw size
chunk-FWJIGYLO.mjs  | -                 |  22.03 kB | 
server.mjs          | server            |   1.42 kB | 
main.server.mjs     | main.server       | 831 bytes | 
chunk-FFILDKJJ.mjs  | -                 | 788 bytes | 

Lazy chunk files    | Names             |  Raw size
chunk-IZTT6RWP.mjs  | sign-in-component |   7.54 kB | 

Application bundle generation complete. [0.555 seconds]

▲ [WARNING] NG8103: The `*ngIf` directive was used in the template, but neither the `NgIf` directive nor the `CommonModule` was imported. Use Angular's built-in control flow @if or make sure that either the `NgIf` directive or the `CommonModule` is included in the `@Component.imports` array of this component. [plugin angular-compiler]

    src/app/sign-in.component.ts:27:14:
      27 │         <div *ngIf="error" class="wwf-signin-error">{{ error }}</div>
         ╵               ~~~~


Page reload sent to client(s).
❯ Changes detected. Rebuilding...
✔ Changes detected. Rebuilding...
Server bundles     
Initial chunk files | Names       |  Raw size
chunk-GJTGVVLO.mjs  | -           |  22.03 kB | 
server.mjs          | server      |   1.42 kB | 
main.server.mjs     | main.server | 831 bytes | 

Application bundle generation complete. [0.339 seconds]

▲ [WARNING] NG8103: The `*ngIf` directive was used in the template, but neither the `NgIf` directive nor the `CommonModule` was imported. Use Angular's built-in control flow @if or make sure that either the `NgIf` directive or the `CommonModule` is included in the `@Component.imports` array of this component. [plugin angular-compiler]

    src/app/sign-in.component.ts:27:14:
      27 │         <div *ngIf="error" class="wwf-signin-error">{{ error }}</div>
         ╵               ~~~~


Page reload sent to client(s).
❯ Changes detected. Rebuilding...
✔ Changes detected. Rebuilding...
Browser bundles    
Initial chunk files | Names             |  Raw size
main.js             | main              |  21.68 kB | 

Lazy chunk files    | Names             |  Raw size
chunk-CNXZIUTO.js   | sign-in-component |   7.62 kB | 


Server bundles     
Initial chunk files | Names             |  Raw size
chunk-RRZUN46D.mjs  | -                 |  22.03 kB | 
server.mjs          | server            |   1.42 kB | 
main.server.mjs     | main.server       | 831 bytes | 

Lazy chunk files    | Names             |  Raw size
chunk-HONTVRJU.mjs  | sign-in-component |   7.65 kB | 

Application bundle generation complete. [0.299 seconds]

Page reload sent to client(s).
